
> build
> vite build

[36mvite v7.3.1 [32mbuilding client environment for production...[36m[39m
[plugin @laravel/vite-plugin-wayfinder] Types generated for actions, routes, form variants
transforming...
[32mÔťô[39m 2300 modules transformed.
node.exe : [31mÔťŚ[39m Build failed in 12.40s
At line:1 char:1
+ & "C:\nvm4w\nodejs/node.exe" "C:\nvm4w\nodejs/node_modules/n
pm/bin/np ...
+ ~~~~~~~~~~~~~~~~~~~~~~~~~~~~~~~~~~~~~~~~~~~~~~~~~~~~~~~~~~~~
~~~~~~~~~
    + CategoryInfo          : NotSpecified: ([31mÔťŚ[39m Bu 
   ild failed in 12.40s:String) [], RemoteException
    + FullyQualifiedErrorId : NativeCommandError
 
[31merror during build:
[31m[vite:load-fallback] Could not load /resources/js/constan
ts/app.constant (imported by resources/js/components/template/
Logo.tsx): ENOENT: no such file or directory, open 'C:\resourc
es\js\constants\app.constant'[31m
    at async open (node:internal/fs/promises:636:25)
    at async Object.readFile (node:internal/fs/promises:1235:1
4)
    at async Object.handler (file:///C:/wamp64/www/orbitflow/w
eb-app/node_modules/vite/dist/node/chunks/config.js:33169:21)
    at async PluginDriver.hookFirstAndGetPlugin (file:///C:/wa
mp64/www/orbitflow/web-app/node_modules/rollup/dist/es/shared/
node-entry.js:22453:28)
    at async file:///C:/wamp64/www/orbitflow/web-app/node_modu
les/rollup/dist/es/shared/node-entry.js:21445:33
    at async Queue.work (file:///C:/wamp64/www/orbitflow/web-a
pp/node_modules/rollup/dist/es/shared/node-entry.js:22681:32)
[39m
