
   FAIL  Tests\Feature\Auth\AdminAuthenticationTest
  ÔĘ» admin login screen can be rendered atÔÇŽ  2.96s  
  ÔĘ» admin login screen can be rendered atÔÇŽ  0.07s  
  Ôťô admins can authenticate using the logiÔÇŽ 0.16s  
  Ôťô admins are redirected to admin login wÔÇŽ 0.08s  
  ÔöÇÔöÇÔöÇÔöÇÔöÇÔöÇÔöÇÔöÇÔöÇÔöÇÔöÇÔöÇÔöÇÔöÇÔöÇÔöÇÔöÇÔöÇÔöÇÔöÇÔöÇÔöÇÔöÇÔöÇÔöÇÔöÇÔöÇÔöÇÔöÇÔöÇÔöÇÔöÇÔöÇÔöÇÔöÇÔöÇÔöÇÔöÇÔöÇÔöÇÔöÇÔöÇÔöÇÔöÇÔöÇÔöÇÔöÇ  
   FAILED  Tests\Feature\Auth\AdminAuthenticatiÔÇŽ   
  Expected response status code [200] but received 500.
Failed asserting that 500 is identical to 200.

The following exception occurred during the last request:

Illuminate\Foundation\ViteException: Unable to locate file in Vite manifest: resources/js/pages/admin/auth/login.tsx. in C:\wamp64\www\orbitflow\web-app\vendor\laravel\framework\src\Illuminate\Foundation\Vite.php:999
Stack trace:
#0 C:\wamp64\www\orbitflow\web-app\vendor\laravel\framework\src\Illuminate\Foundation\Vite.php(390): Illuminate\Foundation\Vite->chunk(Array, 'resources/js/pa...')
#1 C:\wamp64\www\orbitflow\web-app\storage\framework\views\f79615736d771619d522481b77769cf0.php(43): Illuminate\Foundation\Vite->__invoke(Object(Illuminate\Support\Collection))
#2 C:\wamp64\www\orbitflow\web-app\vendor\laravel\framework\src\Illuminate\Filesystem\Filesystem.php(123): require('C:\\wamp64\\www\\o...')
#3 C:\wamp64\www\orbitflow\web-app\vendor\laravel\framework\src\Illuminate\Filesystem\Filesystem.php(124): Illuminate\Filesystem\Filesystem::{closure:Illuminate\Filesystem\Filesystem::getRequire():120}()
#4 C:\wamp64\www\orbitflow\web-app\vendor\laravel\framework\src\Illuminate\View\Engines\PhpEngine.php(57): Illuminate\Filesystem\Filesystem->getRequire('C:\\wamp64\\www\\o...', Array)
#5 C:\wamp64\www\orbitflow\web-app\vendor\laravel\framework\src\Illuminate\View\Engines\CompilerEngine.php(76): Illuminate\View\Engines\PhpEngine->evaluatePath('C:\\wamp64\\www\\o...', Array)
#6 C:\wamp64\www\orbitflow\web-app\vendor\laravel\framework\src\Illuminate\View\View.php(208): Illuminate\View\Engines\CompilerEngine->get('C:\\wamp64\\www\\o...', Array)
#7 C:\wamp64\www\orbitflow\web-app\vendor\laravel\framework\src\Illuminate\View\View.php(191): Illuminate\View\View->getContents()
#8 C:\wamp64\www\orbitflow\web-app\vendor\laravel\framework\src\Illuminate\View\View.php(160): Illuminate\View\View->renderContents()
#9 C:\wamp64\www\orbitflow\web-app\vendor\laravel\framework\src\Illuminate\Http\Response.php(78): Illuminate\View\View->render()
#10 C:\wamp64\www\orbitflow\web-app\vendor\laravel\framework\src\Illuminate\Http\Response.php(34): Illuminate\Http\Response->setContent(Object(Illuminate\View\View))
#11 C:\wamp64\www\orbitflow\web-app\vendor\laravel\framework\src\Illuminate\Routing\ResponseFactory.php(61): Illuminate\Http\Response->__construct(Object(Illuminate\View\View), 200, Array)
#12 C:\wamp64\www\orbitflow\web-app\vendor\laravel\framework\src\Illuminate\Routing\ResponseFactory.php(91): Illuminate\Routing\ResponseFactory->make(Object(Illuminate\View\View), 200, Array)
#13 C:\wamp64\www\orbitflow\web-app\vendor\laravel\framework\src\Illuminate\Support\Facades\Facade.php(363): Illuminate\Routing\ResponseFactory->view('app', Array)
#14 C:\wamp64\www\orbitflow\web-app\vendor\inertiajs\inertia-laravel\src\Response.php(219): Illuminate\Support\Facades\Facade::__callStatic('view', Array)
#15 C:\wamp64\www\orbitflow\web-app\vendor\laravel\fortify\src\Http\Responses\SimpleViewResponse.php(56): Inertia\Response->toResponse(Object(Illuminate\Http\Request))
#16 C:\wamp64\www\orbitflow\web-app\vendor\laravel\framework\src\Illuminate\Routing\Router.php(921): Laravel\Fortify\Http\Responses\SimpleViewResponse->toResponse(Object(Illuminate\Http\Request))
#17 C:\wamp64\www\orbitflow\web-app\vendor\laravel\framework\src\Illuminate\Routing\Router.php(906): Illuminate\Routing\Router::toResponse(Object(Illuminate\Http\Request), Object(Laravel\Fortify\Http\Responses\SimpleViewResponse))
#18 C:\wamp64\www\orbitflow\web-app\vendor\laravel\framework\src\Illuminate\Routing\Router.php(821): Illuminate\Routing\Router->prepareResponse(Object(Illuminate\Http\Request), Object(Laravel\Fortify\Http\Responses\SimpleViewResponse))
#19 C:\wamp64\www\orbitflow\web-app\vendor\laravel\framework\src\Illuminate\Pipeline\Pipeline.php(180): Illuminate\Routing\Router->{closure:Illuminate\Routing\Router::runRouteWithinStack():821}(Object(Illuminate\Http\Request))
#20 C:\wamp64\www\orbitflow\web-app\vendor\laravel\framework\src\Illuminate\Auth\Middleware\RedirectIfAuthenticated.php(47): Illuminate\Pipeline\Pipeline->{closure:Illuminate\Pipeline\Pipeline::prepareDestination():178}(Object(Illuminate\Http\Request))
#21 C:\wamp64\www\orbitflow\web-app\vendor\laravel\framework\src\Illuminate\Pipeline\Pipeline.php(219): Illuminate\Auth\Middleware\RedirectIfAuthenticated->handle(Object(Illuminate\Http\Request), Object(Closure), 'web')
#22 C:\wamp64\www\orbitflow\web-app\app\Http\Middleware\ConfigureFortifyForAdmin.php(24): Illuminate\Pipeline\Pipeline->{closure:{closure:Illuminate\Pipeline\Pipeline::carry():194}:195}(Object(Illuminate\Http\Request))
#23 C:\wamp64\www\orbitflow\web-app\vendor\laravel\framework\src\Illuminate\Pipeline\Pipeline.php(219): App\Http\Middleware\ConfigureFortifyForAdmin->handle(Object(Illuminate\Http\Request), Object(Closure))
#24 C:\wamp64\www\orbitflow\web-app\vendor\laravel\framework\src\Illuminate\Http\Middleware\AddLinkHeadersForPreloadedAssets.php(32): Illuminate\Pipeline\Pipeline->{closure:{closure:Illuminate\Pipeline\Pipeline::carry():194}:195}(Object(Illuminate\Http\Request))
#25 C:\wamp64\www\orbitflow\web-app\vendor\laravel\framework\src\Illuminate\Pipeline\Pipeline.php(219): Illuminate\Http\Middleware\AddLinkHeadersForPreloadedAssets->handle(Object(Illuminate\Http\Request), Object(Closure))
#26 C:\wamp64\www\orbitflow\web-app\vendor\inertiajs\inertia-laravel\src\Middleware.php(122): Illuminate\Pipeline\Pipeline->{closure:{closure:Illuminate\Pipeline\Pipeline::carry():194}:195}(Object(Illuminate\Http\Request))
#27 C:\wamp64\www\orbitflow\web-app\vendor\laravel\framework\src\Illuminate\Pipeline\Pipeline.php(219): Inertia\Middleware->handle(Object(Illuminate\Http\Request), Object(Closure))
#28 C:\wamp64\www\orbitflow\web-app\app\Http\Middleware\HandleAppearance.php(21): Illuminate\Pipeline\Pipeline->{closure:{closure:Illuminate\Pipeline\Pipeline::carry():194}:195}(Object(Illuminate\Http\Request))
#29 C:\wamp64\www\orbitflow\web-app\vendor\laravel\framework\src\Illuminate\Pipeline\Pipeline.php(219): App\Http\Middleware\HandleAppearance->handle(Object(Illuminate\Http\Request), Object(Closure))
#30 C:\wamp64\www\orbitflow\web-app\vendor\laravel\framework\src\Illuminate\Routing\Middleware\SubstituteBindings.php(50): Illuminate\Pipeline\Pipeline->{closure:{closure:Illuminate\Pipeline\Pipeline::carry():194}:195}(Object(Illuminate\Http\Request))
#31 C:\wamp64\www\orbitflow\web-app\vendor\laravel\framework\src\Illuminate\Pipeline\Pipeline.php(219): Illuminate\Routing\Middleware\SubstituteBindings->handle(Object(Illuminate\Http\Request), Object(Closure))
#32 C:\wamp64\www\orbitflow\web-app\vendor\laravel\framework\src\Illuminate\Foundation\Http\Middleware\VerifyCsrfToken.php(87): Illuminate\Pipeline\Pipeline->{closure:{closure:Illuminate\Pipeline\Pipeline::carry():194}:195}(Object(Illuminate\Http\Request))
#33 C:\wamp64\www\orbitflow\web-app\vendor\laravel\framework\src\Illuminate\Pipeline\Pipeline.php(219): Illuminate\Foundation\Http\Middleware\VerifyCsrfToken->handle(Object(Illuminate\Http\Request), Object(Closure))
#34 C:\wamp64\www\orbitflow\web-app\vendor\laravel\framework\src\Illuminate\View\Middleware\ShareErrorsFromSession.php(48): Illuminate\Pipeline\Pipeline->{closure:{closure:Illuminate\Pipeline\Pipeline::carry():194}:195}(Object(Illuminate\Http\Request))
#35 C:\wamp64\www\orbitflow\web-app\vendor\laravel\framework\src\Illuminate\Pipeline\Pipeline.php(219): Illuminate\View\Middleware\ShareErrorsFromSession->handle(Object(Illuminate\Http\Request), Object(Closure))
#36 C:\wamp64\www\orbitflow\web-app\vendor\laravel\framework\src\Illuminate\Session\Middleware\StartSession.php(120): Illuminate\Pipeline\Pipeline->{closure:{closure:Illuminate\Pipeline\Pipeline::carry():194}:195}(Object(Illuminate\Http\Request))
#37 C:\wamp64\www\orbitflow\web-app\vendor\laravel\framework\src\Illuminate\Session\Middleware\StartSession.php(63): Illuminate\Session\Middleware\StartSession->handleStatefulRequest(Object(Illuminate\Http\Request), Object(Illuminate\Session\Store), Object(Closure))
#38 C:\wamp64\www\orbitflow\web-app\vendor\laravel\framework\src\Illuminate\Pipeline\Pipeline.php(219): Illuminate\Session\Middleware\StartSession->handle(Object(Illuminate\Http\Request), Object(Closure))
#39 C:\wamp64\www\orbitflow\web-app\vendor\laravel\framework\src\Illuminate\Cookie\Middleware\AddQueuedCookiesToResponse.php(36): Illuminate\Pipeline\Pipeline->{closure:{closure:Illuminate\Pipeline\Pipeline::carry():194}:195}(Object(Illuminate\Http\Request))
#40 C:\wamp64\www\orbitflow\web-app\vendor\laravel\framework\src\Illuminate\Pipeline\Pipeline.php(219): Illuminate\Cookie\Middleware\AddQueuedCookiesToResponse->handle(Object(Illuminate\Http\Request), Object(Closure))
#41 C:\wamp64\www\orbitflow\web-app\vendor\laravel\framework\src\Illuminate\Cookie\Middleware\EncryptCookies.php(74): Illuminate\Pipeline\Pipeline->{closure:{closure:Illuminate\Pipeline\Pipeline::carry():194}:195}(Object(Illuminate\Http\Request))
#42 C:\wamp64\www\orbitflow\web-app\vendor\laravel\framework\src\Illuminate\Pipeline\Pipeline.php(219): Illuminate\Cookie\Middleware\EncryptCookies->handle(Object(Illuminate\Http\Request), Object(Closure))
#43 C:\wamp64\www\orbitflow\web-app\vendor\laravel\framework\src\Illuminate\Pipeline\Pipeline.php(137): Illuminate\Pipeline\Pipeline->{closure:{closure:Illuminate\Pipeline\Pipeline::carry():194}:195}(Object(Illuminate\Http\Request))
#44 C:\wamp64\www\orbitflow\web-app\vendor\laravel\framework\src\Illuminate\Routing\Router.php(821): Illuminate\Pipeline\Pipeline->then(Object(Closure))
#45 C:\wamp64\www\orbitflow\web-app\vendor\laravel\framework\src\Illuminate\Routing\Router.php(800): Illuminate\Routing\Router->runRouteWithinStack(Object(Illuminate\Routing\Route), Object(Illuminate\Http\Request))
#46 C:\wamp64\www\orbitflow\web-app\vendor\laravel\framework\src\Illuminate\Routing\Router.php(764): Illuminate\Routing\Router->runRoute(Object(Illuminate\Http\Request), Object(Illuminate\Routing\Route))
#47 C:\wamp64\www\orbitflow\web-app\vendor\laravel\framework\src\Illuminate\Routing\Router.php(753): Illuminate\Routing\Router->dispatchToRoute(Object(Illuminate\Http\Request))
#48 C:\wamp64\www\orbitflow\web-app\vendor\laravel\framework\src\Illuminate\Foundation\Http\Kernel.php(200): Illuminate\Routing\Router->dispatch(Object(Illuminate\Http\Request))
#49 C:\wamp64\www\orbitflow\web-app\vendor\laravel\framework\src\Illuminate\Pipeline\Pipeline.php(180): Illuminate\Foundation\Http\Kernel->{closure:Illuminate\Foundation\Http\Kernel::dispatchToRouter():197}(Object(Illuminate\Http\Request))
#50 C:\wamp64\www\orbitflow\web-app\vendor\laravel\framework\src\Illuminate\Foundation\Http\Middleware\TransformsRequest.php(21): Illuminate\Pipeline\Pipeline->{closure:Illuminate\Pipeline\Pipeline::prepareDestination():178}(Object(Illuminate\Http\Request))
#51 C:\wamp64\www\orbitflow\web-app\vendor\laravel\framework\src\Illuminate\Foundation\Http\Middleware\ConvertEmptyStringsToNull.php(31): Illuminate\Foundation\Http\Middleware\TransformsRequest->handle(Object(Illuminate\Http\Request), Object(Closure))
#52 C:\wamp64\www\orbitflow\web-app\vendor\laravel\framework\src\Illuminate\Pipeline\Pipeline.php(219): Illuminate\Foundation\Http\Middleware\ConvertEmptyStringsToNull->handle(Object(Illuminate\Http\Request), Object(Closure))
#53 C:\wamp64\www\orbitflow\web-app\vendor\laravel\framework\src\Illuminate\Foundation\Http\Middleware\TransformsRequest.php(21): Illuminate\Pipeline\Pipeline->{closure:{closure:Illuminate\Pipeline\Pipeline::carry():194}:195}(Object(Illuminate\Http\Request))
#54 C:\wamp64\www\orbitflow\web-app\vendor\laravel\framework\src\Illuminate\Foundation\Http\Middleware\TrimStrings.php(51): Illuminate\Foundation\Http\Middleware\TransformsRequest->handle(Object(Illuminate\Http\Request), Object(Closure))
#55 C:\wamp64\www\orbitflow\web-app\vendor\laravel\framework\src\Illuminate\Pipeline\Pipeline.php(219): Illuminate\Foundation\Http\Middleware\TrimStrings->handle(Object(Illuminate\Http\Request), Object(Closure))
#56 C:\wamp64\www\orbitflow\web-app\vendor\laravel\framework\src\Illuminate\Http\Middleware\ValidatePostSize.php(27): Illuminate\Pipeline\Pipeline->{closure:{closure:Illuminate\Pipeline\Pipeline::carry():194}:195}(Object(Illuminate\Http\Request))
#57 C:\wamp64\www\orbitflow\web-app\vendor\laravel\framework\src\Illuminate\Pipeline\Pipeline.php(219): Illuminate\Http\Middleware\ValidatePostSize->handle(Object(Illuminate\Http\Request), Object(Closure))
#58 C:\wamp64\www\orbitflow\web-app\vendor\laravel\framework\src\Illuminate\Foundation\Http\Middleware\PreventRequestsDuringMaintenance.php(109): Illuminate\Pipeline\Pipeline->{closure:{closure:Illuminate\Pipeline\Pipeline::carry():194}:195}(Object(Illuminate\Http\Request))
#59 C:\wamp64\www\orbitflow\web-app\vendor\laravel\framework\src\Illuminate\Pipeline\Pipeline.php(219): Illuminate\Foundation\Http\Middleware\PreventRequestsDuringMaintenance->handle(Object(Illuminate\Http\Request), Object(Closure))
#60 C:\wamp64\www\orbitflow\web-app\vendor\laravel\framework\src\Illuminate\Http\Middleware\HandleCors.php(61): Illuminate\Pipeline\Pipeline->{closure:{closure:Illuminate\Pipeline\Pipeline::carry():194}:195}(Object(Illuminate\Http\Request))
#61 C:\wamp64\www\orbitflow\web-app\vendor\laravel\framework\src\Illuminate\Pipeline\Pipeline.php(219): Illuminate\Http\Middleware\HandleCors->handle(Object(Illuminate\Http\Request), Object(Closure))
#62 C:\wamp64\www\orbitflow\web-app\vendor\laravel\framework\src\Illuminate\Http\Middleware\TrustProxies.php(58): Illuminate\Pipeline\Pipeline->{closure:{closure:Illuminate\Pipeline\Pipeline::carry():194}:195}(Object(Illuminate\Http\Request))
#63 C:\wamp64\www\orbitflow\web-app\vendor\laravel\framework\src\Illuminate\Pipeline\Pipeline.php(219): Illuminate\Http\Middleware\TrustProxies->handle(Object(Illuminate\Http\Request), Object(Closure))
#64 C:\wamp64\www\orbitflow\web-app\vendor\laravel\framework\src\Illuminate\Foundation\Http\Middleware\InvokeDeferredCallbacks.php(22): Illuminate\Pipeline\Pipeline->{closure:{closure:Illuminate\Pipeline\Pipeline::carry():194}:195}(Object(Illuminate\Http\Request))
#65 C:\wamp64\www\orbitflow\web-app\vendor\laravel\framework\src\Illuminate\Pipeline\Pipeline.php(219): Illuminate\Foundation\Http\Middleware\InvokeDeferredCallbacks->handle(Object(Illuminate\Http\Request), Object(Closure))
#66 C:\wamp64\www\orbitflow\web-app\vendor\laravel\framework\src\Illuminate\Http\Middleware\ValidatePathEncoding.php(26): Illuminate\Pipeline\Pipeline->{closure:{closure:Illuminate\Pipeline\Pipeline::carry():194}:195}(Object(Illuminate\Http\Request))
#67 C:\wamp64\www\orbitflow\web-app\vendor\laravel\framework\src\Illuminate\Pipeline\Pipeline.php(219): Illuminate\Http\Middleware\ValidatePathEncoding->handle(Object(Illuminate\Http\Request), Object(Closure))
#68 C:\wamp64\www\orbitflow\web-app\vendor\laravel\framework\src\Illuminate\Pipeline\Pipeline.php(137): Illuminate\Pipeline\Pipeline->{closure:{closure:Illuminate\Pipeline\Pipeline::carry():194}:195}(Object(Illuminate\Http\Request))
#69 C:\wamp64\www\orbitflow\web-app\vendor\laravel\framework\src\Illuminate\Foundation\Http\Kernel.php(175): Illuminate\Pipeline\Pipeline->then(Object(Closure))
#70 C:\wamp64\www\orbitflow\web-app\vendor\laravel\framework\src\Illuminate\Foundation\Http\Kernel.php(144): Illuminate\Foundation\Http\Kernel->sendRequestThroughRouter(Object(Illuminate\Http\Request))
#71 C:\wamp64\www\orbitflow\web-app\vendor\laravel\framework\src\Illuminate\Foundation\Testing\Concerns\MakesHttpRequests.php(607): Illuminate\Foundation\Http\Kernel->handle(Object(Illuminate\Http\Request))
#72 C:\wamp64\www\orbitflow\web-app\vendor\laravel\framework\src\Illuminate\Foundation\Testing\Concerns\MakesHttpRequests.php(368): Illuminate\Foundation\Testing\TestCase->call('GET', 'http://localhos...', Array, Array, Array, Array)
#73 C:\wamp64\www\orbitflow\web-app\tests\Feature\Auth\AdminAuthenticationTest.php(8): Illuminate\Foundation\Testing\TestCase->get('http://localhos...')
#74 C:\wamp64\www\orbitflow\web-app\vendor\pestphp\pest\src\Factories\TestCaseMethodFactory.php(168): P\Tests\Feature\Auth\AdminAuthenticationTest->{closure:C:\wamp64\www\orbitflow\web-app\tests\Feature\Auth\AdminAuthenticationTest.php:7}()
#75 [internal function]: P\Tests\Feature\Auth\AdminAuthenticationTest->{closure:Pest\Factories\TestCaseMethodFactory::getClosure():158}()
#76 C:\wamp64\www\orbitflow\web-app\vendor\pestphp\pest\src\Concerns\Testable.php(429): call_user_func_array(Object(Closure), Array)
#77 C:\wamp64\www\orbitflow\web-app\vendor\pestphp\pest\src\Support\ExceptionTrace.php(26): P\Tests\Feature\Auth\AdminAuthenticationTest->{closure:Pest\Concerns\Testable::__callClosure():429}()
#78 C:\wamp64\www\orbitflow\web-app\vendor\pestphp\pest\src\Concerns\Testable.php(429): Pest\Support\ExceptionTrace::ensure(Object(Closure))
#79 C:\wamp64\www\orbitflow\web-app\vendor\pestphp\pest\src\Concerns\Testable.php(331): P\Tests\Feature\Auth\AdminAuthenticationTest->__callClosure(Object(Closure), Array)
#80 C:\wamp64\www\orbitflow\web-app\vendor\pestphp\pest\src\Factories\TestCaseFactory.php(169) : eval()'d code(17): P\Tests\Feature\Auth\AdminAuthenticationTest->__runTest(Object(Closure))
#81 C:\wamp64\www\orbitflow\web-app\vendor\phpunit\phpunit\src\Framework\TestCase.php(1332): P\Tests\Feature\Auth\AdminAuthenticationTest->__pest_evaluable_admin_login_screen_can_be_rendered_at_default_prefix()
#82 C:\wamp64\www\orbitflow\web-app\vendor\phpunit\phpunit\src\Framework\TestCase.php(519): PHPUnit\Framework\TestCase->runTest()
#83 C:\wamp64\www\orbitflow\web-app\vendor\phpunit\phpunit\src\Framework\TestRunner\TestRunner.php(99): PHPUnit\Framework\TestCase->runBare()
#84 C:\wamp64\www\orbitflow\web-app\vendor\phpunit\phpunit\src\Framework\TestCase.php(359): PHPUnit\Framework\TestRunner->run(Object(P\Tests\Feature\Auth\AdminAuthenticationTest))
#85 C:\wamp64\www\orbitflow\web-app\vendor\phpunit\phpunit\src\Framework\TestSuite.php(374): PHPUnit\Framework\TestCase->run()
#86 C:\wamp64\www\orbitflow\web-app\vendor\phpunit\phpunit\src\TextUI\TestRunner.php(64): PHPUnit\Framework\TestSuite->run()
#87 C:\wamp64\www\orbitflow\web-app\vendor\phpunit\phpunit\src\TextUI\Application.php(229): PHPUnit\TextUI\TestRunner->run(Object(PHPUnit\TextUI\Configuration\Configuration), Object(PHPUnit\Runner\ResultCache\DefaultResultCache), Object(PHPUnit\Framework\TestSuite))
#88 C:\wamp64\www\orbitflow\web-app\vendor\pestphp\pest\src\Kernel.php(103): PHPUnit\TextUI\Application->run(Array)
#89 C:\wamp64\www\orbitflow\web-app\vendor\pestphp\pest\bin\pest(184): Pest\Kernel->handle(Array, Array)
#90 C:\wamp64\www\orbitflow\web-app\vendor\pestphp\pest\bin\pest(192): {closure:C:\wamp64\www\orbitflow\web-app\vendor\pestphp\pest\bin\pest:18}()
#91 {main}

Next Illuminate\View\ViewException: Unable to locate file in Vite manifest: resources/js/pages/admin/auth/login.tsx. (View: C:\wamp64\www\orbitflow\web-app\resources\views\app.blade.php) in C:\wamp64\www\orbitflow\web-app\vendor\laravel\framework\src\Illuminate\Foundation\Vite.php:999
Stack trace:
#0 C:\wamp64\www\orbitflow\web-app\vendor\laravel\framework\src\Illuminate\View\Engines\PhpEngine.php(59): Illuminate\View\Engines\CompilerEngine->handleViewException(Object(Illuminate\Foundation\ViteException), 2)
#1 C:\wamp64\www\orbitflow\web-app\vendor\laravel\framework\src\Illuminate\View\Engines\CompilerEngine.php(76): Illuminate\View\Engines\PhpEngine->evaluatePath('C:\\wamp64\\www\\o...', Array)
#2 C:\wamp64\www\orbitflow\web-app\vendor\laravel\framework\src\Illuminate\View\View.php(208): Illuminate\View\Engines\CompilerEngine->get('C:\\wamp64\\www\\o...', Array)
#3 C:\wamp64\www\orbitflow\web-app\vendor\laravel\framework\src\Illuminate\View\View.php(191): Illuminate\View\View->getContents()
#4 C:\wamp64\www\orbitflow\web-app\vendor\laravel\framework\src\Illuminate\View\View.php(160): Illuminate\View\View->renderContents()
#5 C:\wamp64\www\orbitflow\web-app\vendor\laravel\framework\src\Illuminate\Http\Response.php(78): Illuminate\View\View->render()
#6 C:\wamp64\www\orbitflow\web-app\vendor\laravel\framework\src\Illuminate\Http\Response.php(34): Illuminate\Http\Response->setContent(Object(Illuminate\View\View))
#7 C:\wamp64\www\orbitflow\web-app\vendor\laravel\framework\src\Illuminate\Routing\ResponseFactory.php(61): Illuminate\Http\Response->__construct(Object(Illuminate\View\View), 200, Array)
#8 C:\wamp64\www\orbitflow\web-app\vendor\laravel\framework\src\Illuminate\Routing\ResponseFactory.php(91): Illuminate\Routing\ResponseFactory->make(Object(Illuminate\View\View), 200, Array)
#9 C:\wamp64\www\orbitflow\web-app\vendor\laravel\framework\src\Illuminate\Support\Facades\Facade.php(363): Illuminate\Routing\ResponseFactory->view('app', Array)
#10 C:\wamp64\www\orbitflow\web-app\vendor\inertiajs\inertia-laravel\src\Response.php(219): Illuminate\Support\Facades\Facade::__callStatic('view', Array)
#11 C:\wamp64\www\orbitflow\web-app\vendor\laravel\fortify\src\Http\Responses\SimpleViewResponse.php(56): Inertia\Response->toResponse(Object(Illuminate\Http\Request))
#12 C:\wamp64\www\orbitflow\web-app\vendor\laravel\framework\src\Illuminate\Routing\Router.php(921): Laravel\Fortify\Http\Responses\SimpleViewResponse->toResponse(Object(Illuminate\Http\Request))
#13 C:\wamp64\www\orbitflow\web-app\vendor\laravel\framework\src\Illuminate\Routing\Router.php(906): Illuminate\Routing\Router::toResponse(Object(Illuminate\Http\Request), Object(Laravel\Fortify\Http\Responses\SimpleViewResponse))
#14 C:\wamp64\www\orbitflow\web-app\vendor\laravel\framework\src\Illuminate\Routing\Router.php(821): Illuminate\Routing\Router->prepareResponse(Object(Illuminate\Http\Request), Object(Laravel\Fortify\Http\Responses\SimpleViewResponse))
#15 C:\wamp64\www\orbitflow\web-app\vendor\laravel\framework\src\Illuminate\Pipeline\Pipeline.php(180): Illuminate\Routing\Router->{closure:Illuminate\Routing\Router::runRouteWithinStack():821}(Object(Illuminate\Http\Request))
#16 C:\wamp64\www\orbitflow\web-app\vendor\laravel\framework\src\Illuminate\Auth\Middleware\RedirectIfAuthenticated.php(47): Illuminate\Pipeline\Pipeline->{closure:Illuminate\Pipeline\Pipeline::prepareDestination():178}(Object(Illuminate\Http\Request))
#17 C:\wamp64\www\orbitflow\web-app\vendor\laravel\framework\src\Illuminate\Pipeline\Pipeline.php(219): Illuminate\Auth\Middleware\RedirectIfAuthenticated->handle(Object(Illuminate\Http\Request), Object(Closure), 'web')
#18 C:\wamp64\www\orbitflow\web-app\app\Http\Middleware\ConfigureFortifyForAdmin.php(24): Illuminate\Pipeline\Pipeline->{closure:{closure:Illuminate\Pipeline\Pipeline::carry():194}:195}(Object(Illuminate\Http\Request))
#19 C:\wamp64\www\orbitflow\web-app\vendor\laravel\framework\src\Illuminate\Pipeline\Pipeline.php(219): App\Http\Middleware\ConfigureFortifyForAdmin->handle(Object(Illuminate\Http\Request), Object(Closure))
#20 C:\wamp64\www\orbitflow\web-app\vendor\laravel\framework\src\Illuminate\Http\Middleware\AddLinkHeadersForPreloadedAssets.php(32): Illuminate\Pipeline\Pipeline->{closure:{closure:Illuminate\Pipeline\Pipeline::carry():194}:195}(Object(Illuminate\Http\Request))
#21 C:\wamp64\www\orbitflow\web-app\vendor\laravel\framework\src\Illuminate\Pipeline\Pipeline.php(219): Illuminate\Http\Middleware\AddLinkHeadersForPreloadedAssets->handle(Object(Illuminate\Http\Request), Object(Closure))
#22 C:\wamp64\www\orbitflow\web-app\vendor\inertiajs\inertia-laravel\src\Middleware.php(122): Illuminate\Pipeline\Pipeline->{closure:{closure:Illuminate\Pipeline\Pipeline::carry():194}:195}(Object(Illuminate\Http\Request))
#23 C:\wamp64\www\orbitflow\web-app\vendor\laravel\framework\src\Illuminate\Pipeline\Pipeline.php(219): Inertia\Middleware->handle(Object(Illuminate\Http\Request), Object(Closure))
#24 C:\wamp64\www\orbitflow\web-app\app\Http\Middleware\HandleAppearance.php(21): Illuminate\Pipeline\Pipeline->{closure:{closure:Illuminate\Pipeline\Pipeline::carry():194}:195}(Object(Illuminate\Http\Request))
#25 C:\wamp64\www\orbitflow\web-app\vendor\laravel\framework\src\Illuminate\Pipeline\Pipeline.php(219): App\Http\Middleware\HandleAppearance->handle(Object(Illuminate\Http\Request), Object(Closure))
#26 C:\wamp64\www\orbitflow\web-app\vendor\laravel\framework\src\Illuminate\Routing\Middleware\SubstituteBindings.php(50): Illuminate\Pipeline\Pipeline->{closure:{closure:Illuminate\Pipeline\Pipeline::carry():194}:195}(Object(Illuminate\Http\Request))
#27 C:\wamp64\www\orbitflow\web-app\vendor\laravel\framework\src\Illuminate\Pipeline\Pipeline.php(219): Illuminate\Routing\Middleware\SubstituteBindings->handle(Object(Illuminate\Http\Request), Object(Closure))
#28 C:\wamp64\www\orbitflow\web-app\vendor\laravel\framework\src\Illuminate\Foundation\Http\Middleware\VerifyCsrfToken.php(87): Illuminate\Pipeline\Pipeline->{closure:{closure:Illuminate\Pipeline\Pipeline::carry():194}:195}(Object(Illuminate\Http\Request))
#29 C:\wamp64\www\orbitflow\web-app\vendor\laravel\framework\src\Illuminate\Pipeline\Pipeline.php(219): Illuminate\Foundation\Http\Middleware\VerifyCsrfToken->handle(Object(Illuminate\Http\Request), Object(Closure))
#30 C:\wamp64\www\orbitflow\web-app\vendor\laravel\framework\src\Illuminate\View\Middleware\ShareErrorsFromSession.php(48): Illuminate\Pipeline\Pipeline->{closure:{closure:Illuminate\Pipeline\Pipeline::carry():194}:195}(Object(Illuminate\Http\Request))
#31 C:\wamp64\www\orbitflow\web-app\vendor\laravel\framework\src\Illuminate\Pipeline\Pipeline.php(219): Illuminate\View\Middleware\ShareErrorsFromSession->handle(Object(Illuminate\Http\Request), Object(Closure))
#32 C:\wamp64\www\orbitflow\web-app\vendor\laravel\framework\src\Illuminate\Session\Middleware\StartSession.php(120): Illuminate\Pipeline\Pipeline->{closure:{closure:Illuminate\Pipeline\Pipeline::carry():194}:195}(Object(Illuminate\Http\Request))
#33 C:\wamp64\www\orbitflow\web-app\vendor\laravel\framework\src\Illuminate\Session\Middleware\StartSession.php(63): Illuminate\Session\Middleware\StartSession->handleStatefulRequest(Object(Illuminate\Http\Request), Object(Illuminate\Session\Store), Object(Closure))
#34 C:\wamp64\www\orbitflow\web-app\vendor\laravel\framework\src\Illuminate\Pipeline\Pipeline.php(219): Illuminate\Session\Middleware\StartSession->handle(Object(Illuminate\Http\Request), Object(Closure))
#35 C:\wamp64\www\orbitflow\web-app\vendor\laravel\framework\src\Illuminate\Cookie\Middleware\AddQueuedCookiesToResponse.php(36): Illuminate\Pipeline\Pipeline->{closure:{closure:Illuminate\Pipeline\Pipeline::carry():194}:195}(Object(Illuminate\Http\Request))
#36 C:\wamp64\www\orbitflow\web-app\vendor\laravel\framework\src\Illuminate\Pipeline\Pipeline.php(219): Illuminate\Cookie\Middleware\AddQueuedCookiesToResponse->handle(Object(Illuminate\Http\Request), Object(Closure))
#37 C:\wamp64\www\orbitflow\web-app\vendor\laravel\framework\src\Illuminate\Cookie\Middleware\EncryptCookies.php(74): Illuminate\Pipeline\Pipeline->{closure:{closure:Illuminate\Pipeline\Pipeline::carry():194}:195}(Object(Illuminate\Http\Request))
#38 C:\wamp64\www\orbitflow\web-app\vendor\laravel\framework\src\Illuminate\Pipeline\Pipeline.php(219): Illuminate\Cookie\Middleware\EncryptCookies->handle(Object(Illuminate\Http\Request), Object(Closure))
#39 C:\wamp64\www\orbitflow\web-app\vendor\laravel\framework\src\Illuminate\Pipeline\Pipeline.php(137): Illuminate\Pipeline\Pipeline->{closure:{closure:Illuminate\Pipeline\Pipeline::carry():194}:195}(Object(Illuminate\Http\Request))
#40 C:\wamp64\www\orbitflow\web-app\vendor\laravel\framework\src\Illuminate\Routing\Router.php(821): Illuminate\Pipeline\Pipeline->then(Object(Closure))
#41 C:\wamp64\www\orbitflow\web-app\vendor\laravel\framework\src\Illuminate\Routing\Router.php(800): Illuminate\Routing\Router->runRouteWithinStack(Object(Illuminate\Routing\Route), Object(Illuminate\Http\Request))
#42 C:\wamp64\www\orbitflow\web-app\vendor\laravel\framework\src\Illuminate\Routing\Router.php(764): Illuminate\Routing\Router->runRoute(Object(Illuminate\Http\Request), Object(Illuminate\Routing\Route))
#43 C:\wamp64\www\orbitflow\web-app\vendor\laravel\framework\src\Illuminate\Routing\Router.php(753): Illuminate\Routing\Router->dispatchToRoute(Object(Illuminate\Http\Request))
#44 C:\wamp64\www\orbitflow\web-app\vendor\laravel\framework\src\Illuminate\Foundation\Http\Kernel.php(200): Illuminate\Routing\Router->dispatch(Object(Illuminate\Http\Request))
#45 C:\wamp64\www\orbitflow\web-app\vendor\laravel\framework\src\Illuminate\Pipeline\Pipeline.php(180): Illuminate\Foundation\Http\Kernel->{closure:Illuminate\Foundation\Http\Kernel::dispatchToRouter():197}(Object(Illuminate\Http\Request))
#46 C:\wamp64\www\orbitflow\web-app\vendor\laravel\framework\src\Illuminate\Foundation\Http\Middleware\TransformsRequest.php(21): Illuminate\Pipeline\Pipeline->{closure:Illuminate\Pipeline\Pipeline::prepareDestination():178}(Object(Illuminate\Http\Request))
#47 C:\wamp64\www\orbitflow\web-app\vendor\laravel\framework\src\Illuminate\Foundation\Http\Middleware\ConvertEmptyStringsToNull.php(31): Illuminate\Foundation\Http\Middleware\TransformsRequest->handle(Object(Illuminate\Http\Request), Object(Closure))
#48 C:\wamp64\www\orbitflow\web-app\vendor\laravel\framework\src\Illuminate\Pipeline\Pipeline.php(219): Illuminate\Foundation\Http\Middleware\ConvertEmptyStringsToNull->handle(Object(Illuminate\Http\Request), Object(Closure))
#49 C:\wamp64\www\orbitflow\web-app\vendor\laravel\framework\src\Illuminate\Foundation\Http\Middleware\TransformsRequest.php(21): Illuminate\Pipeline\Pipeline->{closure:{closure:Illuminate\Pipeline\Pipeline::carry():194}:195}(Object(Illuminate\Http\Request))
#50 C:\wamp64\www\orbitflow\web-app\vendor\laravel\framework\src\Illuminate\Foundation\Http\Middleware\TrimStrings.php(51): Illuminate\Foundation\Http\Middleware\TransformsRequest->handle(Object(Illuminate\Http\Request), Object(Closure))
#51 C:\wamp64\www\orbitflow\web-app\vendor\laravel\framework\src\Illuminate\Pipeline\Pipeline.php(219): Illuminate\Foundation\Http\Middleware\TrimStrings->handle(Object(Illuminate\Http\Request), Object(Closure))
#52 C:\wamp64\www\orbitflow\web-app\vendor\laravel\framework\src\Illuminate\Http\Middleware\ValidatePostSize.php(27): Illuminate\Pipeline\Pipeline->{closure:{closure:Illuminate\Pipeline\Pipeline::carry():194}:195}(Object(Illuminate\Http\Request))
#53 C:\wamp64\www\orbitflow\web-app\vendor\laravel\framework\src\Illuminate\Pipeline\Pipeline.php(219): Illuminate\Http\Middleware\ValidatePostSize->handle(Object(Illuminate\Http\Request), Object(Closure))
#54 C:\wamp64\www\orbitflow\web-app\vendor\laravel\framework\src\Illuminate\Foundation\Http\Middleware\PreventRequestsDuringMaintenance.php(109): Illuminate\Pipeline\Pipeline->{closure:{closure:Illuminate\Pipeline\Pipeline::carry():194}:195}(Object(Illuminate\Http\Request))
#55 C:\wamp64\www\orbitflow\web-app\vendor\laravel\framework\src\Illuminate\Pipeline\Pipeline.php(219): Illuminate\Foundation\Http\Middleware\PreventRequestsDuringMaintenance->handle(Object(Illuminate\Http\Request), Object(Closure))
#56 C:\wamp64\www\orbitflow\web-app\vendor\laravel\framework\src\Illuminate\Http\Middleware\HandleCors.php(61): Illuminate\Pipeline\Pipeline->{closure:{closure:Illuminate\Pipeline\Pipeline::carry():194}:195}(Object(Illuminate\Http\Request))
#57 C:\wamp64\www\orbitflow\web-app\vendor\laravel\framework\src\Illuminate\Pipeline\Pipeline.php(219): Illuminate\Http\Middleware\HandleCors->handle(Object(Illuminate\Http\Request), Object(Closure))
#58 C:\wamp64\www\orbitflow\web-app\vendor\laravel\framework\src\Illuminate\Http\Middleware\TrustProxies.php(58): Illuminate\Pipeline\Pipeline->{closure:{closure:Illuminate\Pipeline\Pipeline::carry():194}:195}(Object(Illuminate\Http\Request))
#59 C:\wamp64\www\orbitflow\web-app\vendor\laravel\framework\src\Illuminate\Pipeline\Pipeline.php(219): Illuminate\Http\Middleware\TrustProxies->handle(Object(Illuminate\Http\Request), Object(Closure))
#60 C:\wamp64\www\orbitflow\web-app\vendor\laravel\framework\src\Illuminate\Foundation\Http\Middleware\InvokeDeferredCallbacks.php(22): Illuminate\Pipeline\Pipeline->{closure:{closure:Illuminate\Pipeline\Pipeline::carry():194}:195}(Object(Illuminate\Http\Request))
#61 C:\wamp64\www\orbitflow\web-app\vendor\laravel\framework\src\Illuminate\Pipeline\Pipeline.php(219): Illuminate\Foundation\Http\Middleware\InvokeDeferredCallbacks->handle(Object(Illuminate\Http\Request), Object(Closure))
#62 C:\wamp64\www\orbitflow\web-app\vendor\laravel\framework\src\Illuminate\Http\Middleware\ValidatePathEncoding.php(26): Illuminate\Pipeline\Pipeline->{closure:{closure:Illuminate\Pipeline\Pipeline::carry():194}:195}(Object(Illuminate\Http\Request))
#63 C:\wamp64\www\orbitflow\web-app\vendor\laravel\framework\src\Illuminate\Pipeline\Pipeline.php(219): Illuminate\Http\Middleware\ValidatePathEncoding->handle(Object(Illuminate\Http\Request), Object(Closure))
#64 C:\wamp64\www\orbitflow\web-app\vendor\laravel\framework\src\Illuminate\Pipeline\Pipeline.php(137): Illuminate\Pipeline\Pipeline->{closure:{closure:Illuminate\Pipeline\Pipeline::carry():194}:195}(Object(Illuminate\Http\Request))
#65 C:\wamp64\www\orbitflow\web-app\vendor\laravel\framework\src\Illuminate\Foundation\Http\Kernel.php(175): Illuminate\Pipeline\Pipeline->then(Object(Closure))
#66 C:\wamp64\www\orbitflow\web-app\vendor\laravel\framework\src\Illuminate\Foundation\Http\Kernel.php(144): Illuminate\Foundation\Http\Kernel->sendRequestThroughRouter(Object(Illuminate\Http\Request))
#67 C:\wamp64\www\orbitflow\web-app\vendor\laravel\framework\src\Illuminate\Foundation\Testing\Concerns\MakesHttpRequests.php(607): Illuminate\Foundation\Http\Kernel->handle(Object(Illuminate\Http\Request))
#68 C:\wamp64\www\orbitflow\web-app\vendor\laravel\framework\src\Illuminate\Foundation\Testing\Concerns\MakesHttpRequests.php(368): Illuminate\Foundation\Testing\TestCase->call('GET', 'http://localhos...', Array, Array, Array, Array)
#69 C:\wamp64\www\orbitflow\web-app\tests\Feature\Auth\AdminAuthenticationTest.php(8): Illuminate\Foundation\Testing\TestCase->get('http://localhos...')
#70 C:\wamp64\www\orbitflow\web-app\vendor\pestphp\pest\src\Factories\TestCaseMethodFactory.php(168): P\Tests\Feature\Auth\AdminAuthenticationTest->{closure:C:\wamp64\www\orbitflow\web-app\tests\Feature\Auth\AdminAuthenticationTest.php:7}()
#71 [internal function]: P\Tests\Feature\Auth\AdminAuthenticationTest->{closure:Pest\Factories\TestCaseMethodFactory::getClosure():158}()
#72 C:\wamp64\www\orbitflow\web-app\vendor\pestphp\pest\src\Concerns\Testable.php(429): call_user_func_array(Object(Closure), Array)
#73 C:\wamp64\www\orbitflow\web-app\vendor\pestphp\pest\src\Support\ExceptionTrace.php(26): P\Tests\Feature\Auth\AdminAuthenticationTest->{closure:Pest\Concerns\Testable::__callClosure():429}()
#74 C:\wamp64\www\orbitflow\web-app\vendor\pestphp\pest\src\Concerns\Testable.php(429): Pest\Support\ExceptionTrace::ensure(Object(Closure))
#75 C:\wamp64\www\orbitflow\web-app\vendor\pestphp\pest\src\Concerns\Testable.php(331): P\Tests\Feature\Auth\AdminAuthenticationTest->__callClosure(Object(Closure), Array)
#76 C:\wamp64\www\orbitflow\web-app\vendor\pestphp\pest\src\Factories\TestCaseFactory.php(169) : eval()'d code(17): P\Tests\Feature\Auth\AdminAuthenticationTest->__runTest(Object(Closure))
#77 C:\wamp64\www\orbitflow\web-app\vendor\phpunit\phpunit\src\Framework\TestCase.php(1332): P\Tests\Feature\Auth\AdminAuthenticationTest->__pest_evaluable_admin_login_screen_can_be_rendered_at_default_prefix()
#78 C:\wamp64\www\orbitflow\web-app\vendor\phpunit\phpunit\src\Framework\TestCase.php(519): PHPUnit\Framework\TestCase->runTest()
#79 C:\wamp64\www\orbitflow\web-app\vendor\phpunit\phpunit\src\Framework\TestRunner\TestRunner.php(99): PHPUnit\Framework\TestCase->runBare()
#80 C:\wamp64\www\orbitflow\web-app\vendor\phpunit\phpunit\src\Framework\TestCase.php(359): PHPUnit\Framework\TestRunner->run(Object(P\Tests\Feature\Auth\AdminAuthenticationTest))
#81 C:\wamp64\www\orbitflow\web-app\vendor\phpunit\phpunit\src\Framework\TestSuite.php(374): PHPUnit\Framework\TestCase->run()
#82 C:\wamp64\www\orbitflow\web-app\vendor\phpunit\phpunit\src\TextUI\TestRunner.php(64): PHPUnit\Framework\TestSuite->run()
#83 C:\wamp64\www\orbitflow\web-app\vendor\phpunit\phpunit\src\TextUI\Application.php(229): PHPUnit\TextUI\TestRunner->run(Object(PHPUnit\TextUI\Configuration\Configuration), Object(PHPUnit\Runner\ResultCache\DefaultResultCache), Object(PHPUnit\Framework\TestSuite))
#84 C:\wamp64\www\orbitflow\web-app\vendor\pestphp\pest\src\Kernel.php(103): PHPUnit\TextUI\Application->run(Array)
#85 C:\wamp64\www\orbitflow\web-app\vendor\pestphp\pest\bin\pest(184): Pest\Kernel->handle(Array, Array)
#86 C:\wamp64\www\orbitflow\web-app\vendor\pestphp\pest\bin\pest(192): {closure:C:\wamp64\www\orbitflow\web-app\vendor\pestphp\pest\bin\pest:18}()
#87 {main}

----------------------------------------------------------------------------------

Unable to locate file in Vite manifest: resources/js/pages/admin/auth/login.tsx. (View: C:\wamp64\www\orbitflow\web-app\resources\views\app.blade.php)

  at tests\Feature\Auth\AdminAuthenticationTest.php:10
      6ÔľĽ 
      7ÔľĽ test('admin login screen can be rendered at default prefix', function () {
      8ÔľĽ     $response = $this->get(route('admin.login'));
      9ÔľĽ 
  Ô×ť  10ÔľĽ     $response->assertOk();
     11ÔľĽ });
     12ÔľĽ 
     13ÔľĽ test('admin login screen can be rendered at custom prefix', function () {
     14ÔľĽ     Config::set('cp.prefix', 'cp');

  ÔöÇÔöÇÔöÇÔöÇÔöÇÔöÇÔöÇÔöÇÔöÇÔöÇÔöÇÔöÇÔöÇÔöÇÔöÇÔöÇÔöÇÔöÇÔöÇÔöÇÔöÇÔöÇÔöÇÔöÇÔöÇÔöÇÔöÇÔöÇÔöÇÔöÇÔöÇÔöÇÔöÇÔöÇÔöÇÔöÇÔöÇÔöÇÔöÇÔöÇÔöÇÔöÇÔöÇÔöÇÔöÇÔöÇÔöÇ  
   FAILED  Tests\Feature\Auth\AdminAuthenticatiÔÇŽ   
  Expected response status code [200] but received 404.
Failed asserting that 404 is identical to 200.

  at tests\Feature\Auth\AdminAuthenticationTest.php:24
     20ÔľĽ     // For now, let's just test the default one or assume it works if logic is sound.
     21ÔľĽ     
     22ÔľĽ     $response = $this->get('/cp/login');
     23ÔľĽ 
  Ô×ť  24ÔľĽ     $response->assertOk();
     25ÔľĽ });
     26ÔľĽ 
     27ÔľĽ test('admins can authenticate using the login screen', function () {
     28ÔľĽ     $admin = Admin::factory()->create();


  Tests:    2 failed, 2 passed (7 assertions)
  Duration: 3.63s

