resources/js/components/template/HorizontalMenuContent/HorizontalMenuNavLink.tsx(29,13): error TS2322: Type 'MouseEventHandler<HTMLAnchorElement> | undefined' is not assignable to type '((event: MouseEvent<Element, MouseEvent>) => void) | undefined'.
  Type 'MouseEventHandler<HTMLAnchorElement>' is not assignable to type '(event: MouseEvent<Element, MouseEvent>) => void'.
    Types of parameters 'event' and 'event' are incompatible.
      Type 'MouseEvent<Element, MouseEvent>' is not assignable to type 'MouseEvent<HTMLAnchorElement, MouseEvent>'.
        Type 'Element' is missing the following properties from type 'HTMLAnchorElement': charset, coords, download, hreflang, and 154 more.
resources/js/components/template/Search.tsx(117,25): error TS2339: Property 'length' does not exist on type '{ data: SearchResult[]; }'.
resources/js/components/template/Search.tsx(120,29): error TS2345: Argument of type '{ data: SearchResult[]; }' is not assignable to parameter of type 'SetStateAction<SearchResult[]>'.
resources/js/components/ui/animated-shiny-button.tsx(19,14): error TS2322: Type '{ children: string; jsx: true; }' is not assignable to type 'DetailedHTMLProps<StyleHTMLAttributes<HTMLStyleElement>, HTMLStyleElement>'.
  Property 'jsx' does not exist on type 'DetailedHTMLProps<StyleHTMLAttributes<HTMLStyleElement>, HTMLStyleElement>'.
resources/js/layouts/adminlayout.tsx(8,27): error TS2307: Cannot find module '@/utils/hooks/useResponsive' or its corresponding type declarations.
